../Core/Src/main.c:87:5:main	48	static
../Core/Src/main.c:167:6:SystemClock_Config	80	static
../Core/Src/main.c:211:13:MX_USART1_UART_Init	8	static
../Core/Src/main.c:241:13:MX_DMA_Init	16	static
../Core/Src/main.c:259:13:MX_GPIO_Init	48	static
../Core/Src/main.c:300:6:udp_echoserver_init	16	static
../Core/Src/main.c:322:6:udp_echoserver_receive_callback	24	static
../Core/Src/main.c:339:6:tcp_echoserver_init	16	static
../Core/Src/main.c:356:7:tcp_echo_accept	24	static
../Core/Src/main.c:361:6:tcp_echo_close	16	static
../Core/Src/main.c:369:7:tcp_echo_recv	24	static
../Core/Src/main.c:392:6:StartDefaultTask	16	static
../Core/Src/main.c:415:6:HAL_TIM_PeriodElapsedCallback	16	static
../Core/Src/main.c:432:6:Error_Handler	4	static,ignoring_inline_asm
