../Core/Src/stm32l1xx_it.c:72:6:NMI_Handler	4	static
../Core/Src/stm32l1xx_it.c:87:6:HardFault_Handler	4	static,ignoring_inline_asm
../Core/Src/stm32l1xx_it.c:99:6:HardFault_HandlerC	48	static
../Core/Src/stm32l1xx_it.c:117:6:MemManage_Handler	4	static
../Core/Src/stm32l1xx_it.c:132:6:BusFault_Handler	4	static
../Core/Src/stm32l1xx_it.c:147:6:UsageFault_Handler	4	static
../Core/Src/stm32l1xx_it.c:162:6:DebugMon_Handler	4	static
../Core/Src/stm32l1xx_it.c:182:6:DMA1_Channel4_IRQHandler	8	static
../Core/Src/stm32l1xx_it.c:196:6:USART1_IRQHandler	8	static
../Core/Src/stm32l1xx_it.c:210:6:TIM6_IRQHandler	8	static
